2026-06-10 14:18:55 - Starting LoginApplication using Java 21.0.9 with PID 57232 (E:\DUOC UC\DSY1103\Proyecto Semestral\login\target\classes started by victo in E:\DUOC UC\DSY1103\Proyecto Semestral\login)
2026-06-10 14:18:55 - Running with Spring Boot v4.0.6, Spring v7.0.7
2026-06-10 14:18:55 - No active profile set, falling back to 1 default profile: "default"
2026-06-10 14:18:56 - Bootstrapping Spring Data JPA repositories in DEFAULT mode.
2026-06-10 14:18:56 - Finished Spring Data repository scanning in 71 ms. Found 1 JPA repository interface.
2026-06-10 14:18:56 - BeanFactory id=1035db71-1641-324a-86ec-a77f4429c750
2026-06-10 14:18:57 - Tomcat initialized with port 9000 (http)
2026-06-10 14:18:57 - Starting service [Tomcat]
2026-06-10 14:18:57 - Starting Servlet engine: [Apache Tomcat/11.0.21]
2026-06-10 14:18:57 - Root WebApplicationContext: initialization completed in 1902 ms
2026-06-10 14:18:57 - HikariPool-1 - Starting...
2026-06-10 14:18:58 - HikariPool-1 - Added connection com.mysql.cj.jdbc.ConnectionImpl@8f374de
2026-06-10 14:18:58 - HikariPool-1 - Start completed.
2026-06-10 14:18:58 - Database: jdbc:mysql://localhost:3310/login (MySQL 8.0)
2026-06-10 14:18:58 - Successfully validated 2 migrations (execution time 00:00.052s)
2026-06-10 14:18:58 - Current version of schema `login`: 2
2026-06-10 14:18:58 - Schema `login` is up to date. No migration necessary.
2026-06-10 14:18:58 - HHH008540: Processing PersistenceUnitInfo [name: default]
2026-06-10 14:18:58 - HHH000001: Hibernate ORM core version 7.2.12.Final
2026-06-10 14:18:58 - No LoadTimeWeaver setup: ignoring JPA class transformer
2026-06-10 14:18:58 - HHH90000025: MySQLDialect does not need to be specified explicitly using 'hibernate.dialect' (remove the property setting and it will be selected by default)
2026-06-10 14:18:58 - HHH10001005: Database info:
	Database JDBC URL [jdbc:mysql://localhost:3310/login]
	Database driver: MySQL Connector/J
	Database dialect: MySQLDialect
	Database version: 8.0.46
	Default catalog/schema: login/undefined
	Autocommit mode: undefined/unknown
	Isolation level: REPEATABLE_READ [default REPEATABLE_READ]
	JDBC fetch size: none
	Pool: DataSourceConnectionProvider
	Minimum pool size: undefined/unknown
	Maximum pool size: undefined/unknown
2026-06-10 14:18:59 - HHH000489: No JTA platform available (set 'hibernate.transaction.jta.platform' to enable JTA platform integration)
2026-06-10 14:18:59 - Initialized JPA EntityManagerFactory for persistence unit 'default'
2026-06-10 14:18:59 - Hibernate is in classpath; If applicable, HQL parser will be used.
2026-06-10 14:18:59 - spring.jpa.open-in-view is enabled by default. Therefore, database queries may be performed during view rendering. Explicitly configure spring.jpa.open-in-view to disable this warning
2026-06-10 14:18:59 - 

Using generated security password: acc22ec0-56fc-4dea-a0d2-a415fe4d2477

This generated password is for development use only. Your security configuration must be updated before running your application in production.

2026-06-10 14:18:59 - Global AuthenticationManager configured with UserDetailsService bean with name inMemoryUserDetailsManager
2026-06-10 14:19:00 - Eureka HTTP Client uses RestClient.
2026-06-10 14:19:00 - Spring Cloud LoadBalancer is currently working with the default cache. While this cache implementation is useful for development and tests, it's recommended to use Caffeine cache in production.You can switch to using Caffeine cache, by adding it and org.springframework.cache.caffeine.CaffeineCacheManager to the classpath.
2026-06-10 14:19:00 - Exposing 2 endpoints beneath base path '/actuator'
2026-06-10 14:19:00 - Setting initial instance status as: STARTING
2026-06-10 14:19:00 - Initializing Eureka in region us-east-1
2026-06-10 14:19:00 - Resolving eureka endpoints via configuration
2026-06-10 14:19:00 - Disable delta property : false
2026-06-10 14:19:00 - Single vip registry refresh property : null
2026-06-10 14:19:00 - Force full registry fetch : false
2026-06-10 14:19:00 - Application is null : false
2026-06-10 14:19:00 - Registered Applications size is zero : true
2026-06-10 14:19:00 - Application version is -1: true
2026-06-10 14:19:00 - Getting all instance registry info from the eureka server
2026-06-10 14:19:00 - The response status is 200
2026-06-10 14:19:00 - Starting heartbeat executor: renew interval is: 30
2026-06-10 14:19:00 - InstanceInfoReplicator onDemand update allowed rate per min is 4
2026-06-10 14:19:00 - Discovery Client initialized at timestamp 1781115540837 with initial instances count: 0
2026-06-10 14:19:00 - Registering application LOGIN with eureka with status UP
2026-06-10 14:19:00 - Saw local status change event StatusChangeEvent [timestamp=1781115540841, current=UP, previous=STARTING]
2026-06-10 14:19:00 - DiscoveryClient_LOGIN/demianbelial:login:9000: registering service...
2026-06-10 14:19:00 - Tomcat started on port 9000 (http) with context path '/'
2026-06-10 14:19:00 - Updating port to 9000
2026-06-10 14:19:00 - Started LoginApplication in 5.705 seconds (process running for 6.172)
2026-06-10 14:19:00 - SpringDoc /v3/api-docs endpoint is enabled by default. To disable it in production, set the property 'springdoc.api-docs.enabled=false'
2026-06-10 14:19:00 - SpringDoc /index.html endpoint is enabled by default. To disable it in production, set the property 'springdoc.swagger-ui.enabled=false'
2026-06-10 14:19:00 - DiscoveryClient_LOGIN/demianbelial:login:9000 - registration status: 204
2026-06-10 14:19:01 - Initializing Spring DispatcherServlet 'dispatcherServlet'
2026-06-10 14:19:01 - Initializing Servlet 'dispatcherServlet'
2026-06-10 14:19:01 - Completed initialization in 1 ms
2026-06-10 14:19:30 - Disable delta property : false
2026-06-10 14:19:30 - Single vip registry refresh property : null
2026-06-10 14:19:30 - Force full registry fetch : false
2026-06-10 14:19:30 - Application is null : false
2026-06-10 14:19:30 - Registered Applications size is zero : true
2026-06-10 14:19:30 - Application version is -1: false
2026-06-10 14:19:30 - Getting all instance registry info from the eureka server
2026-06-10 14:19:30 - The response status is 200
2026-06-10 14:24:00 - Resolving eureka endpoints via configuration
2026-06-10 14:29:00 - Resolving eureka endpoints via configuration
