2026-06-04 07:23:33 - Starting DemocarsApplication using Java 21.0.9 with PID 118352 (E:\DUOC UC\DSY1103\Proyecto Semestral\democars\target\classes started by victo in E:\DUOC UC\DSY1103\Proyecto Semestral\democars)
2026-06-04 07:23:33 - Running with Spring Boot v4.0.6, Spring v7.0.7
2026-06-04 07:23:33 - No active profile set, falling back to 1 default profile: "default"
2026-06-04 07:23:34 - Bootstrapping Spring Data JPA repositories in DEFAULT mode.
2026-06-04 07:23:34 - Finished Spring Data repository scanning in 66 ms. Found 1 JPA repository interface.
2026-06-04 07:23:35 - BeanFactory id=14a407a6-93aa-3437-94c9-927f77d9cbec
2026-06-04 07:23:35 - Tomcat initialized with port 9001 (http)
2026-06-04 07:23:35 - Starting service [Tomcat]
2026-06-04 07:23:35 - Starting Servlet engine: [Apache Tomcat/11.0.21]
2026-06-04 07:23:35 - Root WebApplicationContext: initialization completed in 1884 ms
2026-06-04 07:23:36 - HikariPool-1 - Starting...
2026-06-04 07:23:36 - HikariPool-1 - Added connection com.mysql.cj.jdbc.ConnectionImpl@14e93c46
2026-06-04 07:23:36 - HikariPool-1 - Start completed.
2026-06-04 07:23:36 - Database: jdbc:mysql://localhost:3311/car (MySQL 8.0)
2026-06-04 07:23:36 - Successfully validated 2 migrations (execution time 00:00.043s)
2026-06-04 07:23:36 - Current version of schema `car`: 2
2026-06-04 07:23:36 - Schema `car` is up to date. No migration necessary.
2026-06-04 07:23:36 - HHH008540: Processing PersistenceUnitInfo [name: default]
2026-06-04 07:23:36 - HHH000001: Hibernate ORM core version 7.2.12.Final
2026-06-04 07:23:37 - No LoadTimeWeaver setup: ignoring JPA class transformer
2026-06-04 07:23:37 - HHH90000025: MySQLDialect does not need to be specified explicitly using 'hibernate.dialect' (remove the property setting and it will be selected by default)
2026-06-04 07:23:37 - HHH10001005: Database info:
	Database JDBC URL [jdbc:mysql://localhost:3311/car]
	Database driver: MySQL Connector/J
	Database dialect: MySQLDialect
	Database version: 8.0.46
	Default catalog/schema: car/undefined
	Autocommit mode: undefined/unknown
	Isolation level: REPEATABLE_READ [default REPEATABLE_READ]
	JDBC fetch size: none
	Pool: DataSourceConnectionProvider
	Minimum pool size: undefined/unknown
	Maximum pool size: undefined/unknown
2026-06-04 07:23:37 - HHH000489: No JTA platform available (set 'hibernate.transaction.jta.platform' to enable JTA platform integration)
2026-06-04 07:23:37 - Initialized JPA EntityManagerFactory for persistence unit 'default'
2026-06-04 07:23:37 - Hibernate is in classpath; If applicable, HQL parser will be used.
2026-06-04 07:23:37 - spring.jpa.open-in-view is enabled by default. Therefore, database queries may be performed during view rendering. Explicitly configure spring.jpa.open-in-view to disable this warning
2026-06-04 07:23:37 - 

Using generated security password: 853de89e-ee7d-4095-a692-dbf101682d73

This generated password is for development use only. Your security configuration must be updated before running your application in production.

2026-06-04 07:23:37 - Global AuthenticationManager configured with UserDetailsService bean with name inMemoryUserDetailsManager
2026-06-04 07:23:38 - Eureka HTTP Client uses RestClient.
2026-06-04 07:23:38 - Spring Cloud LoadBalancer is currently working with the default cache. While this cache implementation is useful for development and tests, it's recommended to use Caffeine cache in production.You can switch to using Caffeine cache, by adding it and org.springframework.cache.caffeine.CaffeineCacheManager to the classpath.
2026-06-04 07:23:38 - Exposing 2 endpoints beneath base path '/actuator'
2026-06-04 07:23:38 - Setting initial instance status as: STARTING
2026-06-04 07:23:38 - Initializing Eureka in region us-east-1
2026-06-04 07:23:38 - Resolving eureka endpoints via configuration
2026-06-04 07:23:38 - Disable delta property : false
2026-06-04 07:23:38 - Single vip registry refresh property : null
2026-06-04 07:23:38 - Force full registry fetch : false
2026-06-04 07:23:38 - Application is null : false
2026-06-04 07:23:38 - Registered Applications size is zero : true
2026-06-04 07:23:38 - Application version is -1: true
2026-06-04 07:23:38 - Getting all instance registry info from the eureka server
2026-06-04 07:23:38 - The response status is 200
2026-06-04 07:23:38 - Starting heartbeat executor: renew interval is: 30
2026-06-04 07:23:38 - InstanceInfoReplicator onDemand update allowed rate per min is 4
2026-06-04 07:23:38 - Discovery Client initialized at timestamp 1780572218836 with initial instances count: 0
2026-06-04 07:23:38 - Registering application DEMOCARS with eureka with status UP
2026-06-04 07:23:38 - Saw local status change event StatusChangeEvent [timestamp=1780572218838, current=UP, previous=STARTING]
2026-06-04 07:23:38 - DiscoveryClient_DEMOCARS/demianbelial:democars:9001: registering service...
2026-06-04 07:23:38 - Tomcat started on port 9001 (http) with context path '/'
2026-06-04 07:23:38 - Updating port to 9001
2026-06-04 07:23:38 - Started DemocarsApplication in 5.654 seconds (process running for 6.156)
2026-06-04 07:23:38 - SpringDoc /v3/api-docs endpoint is enabled by default. To disable it in production, set the property 'springdoc.api-docs.enabled=false'
2026-06-04 07:23:38 - SpringDoc /index.html endpoint is enabled by default. To disable it in production, set the property 'springdoc.swagger-ui.enabled=false'
2026-06-04 07:23:38 - DiscoveryClient_DEMOCARS/demianbelial:democars:9001 - registration status: 204
2026-06-04 07:24:08 - Disable delta property : false
2026-06-04 07:24:08 - Single vip registry refresh property : null
2026-06-04 07:24:08 - Force full registry fetch : false
2026-06-04 07:24:08 - Application is null : false
2026-06-04 07:24:08 - Registered Applications size is zero : true
2026-06-04 07:24:08 - Application version is -1: false
2026-06-04 07:24:08 - Getting all instance registry info from the eureka server
2026-06-04 07:24:08 - The response status is 200
2026-06-04 07:28:38 - Resolving eureka endpoints via configuration
2026-06-04 07:33:38 - Resolving eureka endpoints via configuration
2026-06-04 07:38:38 - Resolving eureka endpoints via configuration
2026-06-04 07:43:38 - Resolving eureka endpoints via configuration
2026-06-04 07:48:38 - Resolving eureka endpoints via configuration
2026-06-04 07:53:38 - Resolving eureka endpoints via configuration
2026-06-04 07:58:38 - Resolving eureka endpoints via configuration
2026-06-04 08:03:38 - Resolving eureka endpoints via configuration
2026-06-04 08:08:38 - Resolving eureka endpoints via configuration
2026-06-04 08:13:38 - Resolving eureka endpoints via configuration
2026-06-04 08:18:38 - Resolving eureka endpoints via configuration
2026-06-04 08:23:38 - Resolving eureka endpoints via configuration
2026-06-04 08:28:38 - Resolving eureka endpoints via configuration
2026-06-04 08:33:38 - Resolving eureka endpoints via configuration
2026-06-04 08:38:38 - Resolving eureka endpoints via configuration
2026-06-04 08:43:38 - Resolving eureka endpoints via configuration
2026-06-04 08:48:38 - Resolving eureka endpoints via configuration
2026-06-04 08:53:38 - Resolving eureka endpoints via configuration
